[     911ms] [WARNING] Caught a recoverable error. The site is still functional, but might have some UI flickering or degraded page load performance. If you are the author of this website, update external components and check recently added custom code or code overrides to fix the following server/client mismatches:
 Error: Minified React error #425; visit https://reactjs.org/docs/error-decoder.html?invariant=425 for the full message or use the non-minified dev environment for full errors and additional helpful warnings.
    at Ii (https://framerusercontent.com/sites/6VI1RCfCdBq3kpCLg6CqbP/react.BN7P7BsM.mjs:6:68)
    at us (https://framerusercontent.com/sites/6VI1RCfCdBq3kpCLg6CqbP/react.BN7P7BsM.mjs:8:14036)
    at ec (https://framerusercontent.com/sites/6VI1RCfCdBq3kpCLg6CqbP/react.BN7P7BsM.mjs:8:37372)
    at $s (https://framerusercontent.com/sites/6VI1RCfCdBq3kpCLg6CqbP/react.BN7P7BsM.mjs:8:37134)
    at Qs (https://framerusercontent.com/sites/6VI1RCfCdBq3kpCLg6CqbP/react.BN7P7BsM.mjs:8:37046)
    at Ls (https://framerusercontent.com/sites/6VI1RCfCdBq3kpCLg6CqbP/react.BN7P7BsM.mjs:8:32130)
    at wt (https://framerusercontent.com/sites/6VI1RCfCdBq3kpCLg6CqbP/react.BN7P7BsM.mjs:1:10651)
    at MessagePort.Et (https://framerusercontent.com/sites/6VI1RCfCdBq3kpCLg6CqbP/react.BN7P7BsM.mjs:1:11006) 
    at span
    at span
    at div
    at div
    at f (https://framerusercontent.com/sites/6VI1RCfCdBq3kpCLg6CqbP/DisplayPriceUmbrelPro.yqm-GlyN.mjs:1:227)
    at https://framerusercontent.com/sites/6VI1RCfCdBq3kpCLg6CqbP/framer.D8Dxxd5B.mjs:1030:26754
    at https://framerusercontent.com/sites/6VI1RCfCdBq3kpCLg6CqbP/framer.D8Dxxd5B.mjs:115:34190
    at Jx (https://framerusercontent.com/sites/6VI1RCfCdBq3kpCLg6CqbP/framer.D8Dxxd5B.mjs:1037:716)
    at Suspense
    at qc (https://framerusercontent.com/sites/6VI1RCfCdBq3kpCLg6CqbP/framer.D8Dxxd5B.mjs:49:68203)
    at $c (https://framerusercontent.com/sites/6VI1RCfCdBq3kpCLg6CqbP/framer.D8Dxxd5B.mjs:49:68867)
    at Qc (https://framerusercontent.com/sites/6VI1RCfCdBq3kpCLg6CqbP/framer.D8Dxxd5B.mjs:49:68729)
    at ef (https://framerusercontent.com/sites/6VI1RCfCdBq3kpCLg6CqbP/motion.CRK3ngUS.mjs:9:74183)
    at Li (https://framerusercontent.com/sites/6VI1RCfCdBq3kpCLg6CqbP/framer.D8Dxxd5B.mjs:49:22294)
    at div
    at c (https://framerusercontent.com/sites/6VI1RCfCdBq3kpCLg6CqbP/motion.CRK3ngUS.mjs:9:5642)
    at https://framerusercontent.com/sites/6VI1RCfCdBq3kpCLg6CqbP/framer.D8Dxxd5B.mjs:1037:1471
    at https://framerusercontent.com/sites/6VI1RCfCdBq3kpCLg6CqbP/framer.D8Dxxd5B.mjs:1030:32235
    at https://framerusercontent.com/sites/6VI1RCfCdBq3kpCLg6CqbP/framer.D8Dxxd5B.mjs:1030:32048
    at div
    at div
    at div
    at div
    at div
    at c (https://framerusercontent.com/sites/6VI1RCfCdBq3kpCLg6CqbP/motion.CRK3ngUS.mjs:9:5642)
    at https://framerusercontent.com/sites/6VI1RCfCdBq3kpCLg6CqbP/framer.D8Dxxd5B.mjs:1038:37760
    at https://framerusercontent.com/sites/6VI1RCfCdBq3kpCLg6CqbP/framer.D8Dxxd5B.mjs:59:17770
    at https://framerusercontent.com/sites/6VI1RCfCdBq3kpCLg6CqbP/framer.D8Dxxd5B.mjs:1030:30383
    at div
    at https://framerusercontent.com/sites/6VI1RCfCdBq3kpCLg6CqbP/framer.D8Dxxd5B.mjs:1030:26754
    at https://framerusercontent.com/sites/6VI1RCfCdBq3kpCLg6CqbP/framer.D8Dxxd5B.mjs:115:34190
    at div
    at c (https://framerusercontent.com/sites/6VI1RCfCdBq3kpCLg6CqbP/motion.CRK3ngUS.mjs:9:5642)
    at ef (https://framerusercontent.com/sites/6VI1RCfCdBq3kpCLg6CqbP/motion.CRK3ngUS.mjs:9:74183)
    at https://framerusercontent.com/sites/6VI1RCfCdBq3kpCLg6CqbP/muegMAV7WoaFtwL_IiAljqbyHnSQFx01xUimLbs0EgA.rBADAo5p.mjs:1:5595
    at https://framerusercontent.com/sites/6VI1RCfCdBq3kpCLg6CqbP/framer.D8Dxxd5B.mjs:115:34190
    at https://framerusercontent.com/sites/6VI1RCfCdBq3kpCLg6CqbP/framer.D8Dxxd5B.mjs:3:757
    at Fu (https://framerusercontent.com/sites/6VI1RCfCdBq3kpCLg6CqbP/framer.D8Dxxd5B.mjs:54:6126)
    at m_ (https://framerusercontent.com/sites/6VI1RCfCdBq3kpCLg6CqbP/framer.D8Dxxd5B.mjs:115:6123)
    at Suspense
    at qc (https://framerusercontent.com/sites/6VI1RCfCdBq3kpCLg6CqbP/framer.D8Dxxd5B.mjs:49:68203)
    at Ux (https://framerusercontent.com/sites/6VI1RCfCdBq3kpCLg6CqbP/framer.D8Dxxd5B.mjs:1030:32335)
    at uu (https://framerusercontent.com/sites/6VI1RCfCdBq3kpCLg6CqbP/framer.D8Dxxd5B.mjs:52:6921)
    at gr (https://framerusercontent.com/sites/6VI1RCfCdBq3kpCLg6CqbP/framer.D8Dxxd5B.mjs:49:6677)
    at https://framerusercontent.com/sites/6VI1RCfCdBq3kpCLg6CqbP/framer.D8Dxxd5B.mjs:1037:2511
    at https://framerusercontent.com/sites/6VI1RCfCdBq3kpCLg6CqbP/framer.D8Dxxd5B.mjs:115:34190
    at Tt (https://framerusercontent.com/sites/6VI1RCfCdBq3kpCLg6CqbP/framer.D8Dxxd5B.mjs:3:2957)
    at Pu (https://framerusercontent.com/sites/6VI1RCfCdBq3kpCLg6CqbP/framer.D8Dxxd5B.mjs:54:2003)
    at pu (https://framerusercontent.com/sites/6VI1RCfCdBq3kpCLg6CqbP/framer.D8Dxxd5B.mjs:52:7777)
    at hC (https://framerusercontent.com/sites/6VI1RCfCdBq3kpCLg6CqbP/framer.D8Dxxd5B.mjs:1037:13494)
    at un (https://framerusercontent.com/sites/6VI1RCfCdBq3kpCLg6CqbP/framer.D8Dxxd5B.mjs:7:8966)
    at ia (https://framerusercontent.com/sites/6VI1RCfCdBq3kpCLg6CqbP/motion.CRK3ngUS.mjs:9:1365)
    at dr (https://framerusercontent.com/sites/6VI1RCfCdBq3kpCLg6CqbP/framer.D8Dxxd5B.mjs:49:6281)
    at Gu (https://framerusercontent.com/sites/6VI1RCfCdBq3kpCLg6CqbP/framer.D8Dxxd5B.mjs:54:7391)
    at CS (https://framerusercontent.com/sites/6VI1RCfCdBq3kpCLg6CqbP/framer.D8Dxxd5B.mjs:1037:6221)
    at jn (https://framerusercontent.com/sites/6VI1RCfCdBq3kpCLg6CqbP/framer.D8Dxxd5B.mjs:7:13836) @ https://framerusercontent.com/sites/6VI1RCfCdBq3kpCLg6CqbP/script_main.C7cpl2Lj.mjs:0
[     912ms] [WARNING] Caught a recoverable error. The site is still functional, but might have some UI flickering or degraded page load performance. If you are the author of this website, update external components and check recently added custom code or code overrides to fix the following server/client mismatches:
 Error: Minified React error #422; visit https://reactjs.org/docs/error-decoder.html?invariant=422 for the full message or use the non-minified dev environment for full errors and additional helpful warnings.
    at ns (https://framerusercontent.com/sites/6VI1RCfCdBq3kpCLg6CqbP/react.BN7P7BsM.mjs:8:8255)
    at $o (https://framerusercontent.com/sites/6VI1RCfCdBq3kpCLg6CqbP/react.BN7P7BsM.mjs:8:7196)
    at cp (https://framerusercontent.com/sites/6VI1RCfCdBq3kpCLg6CqbP/react.BN7P7BsM.mjs:8:68482)
    at $s (https://framerusercontent.com/sites/6VI1RCfCdBq3kpCLg6CqbP/react.BN7P7BsM.mjs:8:37073)
    at Qs (https://framerusercontent.com/sites/6VI1RCfCdBq3kpCLg6CqbP/react.BN7P7BsM.mjs:8:37046)
    at Ls (https://framerusercontent.com/sites/6VI1RCfCdBq3kpCLg6CqbP/react.BN7P7BsM.mjs:8:32130)
    at wt (https://framerusercontent.com/sites/6VI1RCfCdBq3kpCLg6CqbP/react.BN7P7BsM.mjs:1:10651)
    at MessagePort.Et (https://framerusercontent.com/sites/6VI1RCfCdBq3kpCLg6CqbP/react.BN7P7BsM.mjs:1:11006) null @ https://framerusercontent.com/sites/6VI1RCfCdBq3kpCLg6CqbP/script_main.C7cpl2Lj.mjs:0
